
> bid-live@0.1.0 build
> next build

   Γû▓ Next.js 15.5.19
   - Environments: .env.local

   Creating an optimized production build ...
 Γ£ô Compiled successfully in 6.8s
   Linting and checking validity of types ...

./src/app/admin/requests/page.js
269:23  Warning: Using `<img>` could result in slower LCP and higher bandwidth. Consider using `<Image />` from `next/image` or a custom image loader to automatically optimize images. This may incur additional usage or cost from your provider. See: https://nextjs.org/docs/messages/no-img-element  @next/next/no-img-element
275:23  Warning: Using `<img>` could result in slower LCP and higher bandwidth. Consider using `<Image />` from `next/image` or a custom image loader to automatically optimize images. This may incur additional usage or cost from your provider. See: https://nextjs.org/docs/messages/no-img-element  @next/next/no-img-element
281:23  Warning: Using `<img>` could result in slower LCP and higher bandwidth. Consider using `<Image />` from `next/image` or a custom image loader to automatically optimize images. This may incur additional usage or cost from your provider. See: https://nextjs.org/docs/messages/no-img-element  @next/next/no-img-element

info  - Need to disable some ESLint rules? Learn more here: https://nextjs.org/docs/app/api-reference/config/eslint#disabling-rules
   Collecting page data ...
   Generating static pages (0/51) ...
   Generating static pages (12/51) 
   Generating static pages (25/51) 
   Generating static pages (38/51) 
 Γ£ô Generating static pages (51/51)
   Finalizing page optimization ...
   Collecting build traces ...

Route (app)                                     Size  First Load JS  Revalidate  Expire
Γöî Γùï /                                        7.72 kB         233 kB          1m      1y
Γö£ Γùï /_not-found                                268 B         103 kB
Γö£ Γùï /about                                     952 B         185 kB
Γö£ Γùï /admin                                    4.3 kB         148 kB
Γö£ Γùï /admin/auctions                           9.1 kB         167 kB
Γö£ Γùï /admin/bids                              4.76 kB         163 kB
Γö£ Γùï /admin/categories                        6.07 kB         161 kB
Γö£ Γùï /admin/coupons                              8 kB         153 kB
Γö£ Γùï /admin/employees                         8.71 kB         154 kB
Γö£ Γùï /admin/logs                                 2 kB         142 kB
Γö£ Γùï /admin/rankings                          4.34 kB         145 kB
Γö£ Γùï /admin/reports                           6.21 kB         152 kB
Γö£ Γùï /admin/requests                          10.2 kB         156 kB
Γö£ Γùï /admin/users                             7.72 kB         153 kB
Γö£ Γùï /admin/wallets                           7.22 kB         157 kB
Γö£ ╞Æ /api/admin/auction-requests                268 B         103 kB
Γö£ ╞Æ /api/admin/auction-requests/[requestId]    268 B         103 kB
Γö£ ╞Æ /api/admin/auctions                        268 B         103 kB
Γö£ ╞Æ /api/admin/bids                            268 B         103 kB
Γö£ ╞Æ /api/admin/coupons                         268 B         103 kB
Γö£ ╞Æ /api/admin/coupons/[id]                    268 B         103 kB
Γö£ ╞Æ /api/admin/employees                       268 B         103 kB
Γö£ ╞Æ /api/admin/kyc-requests                    268 B         103 kB
Γö£ ╞Æ /api/admin/logs                            268 B         103 kB
Γö£ ╞Æ /api/admin/rankings                        268 B         103 kB
Γö£ ╞Æ /api/admin/rankings/configs                268 B         103 kB
Γö£ ╞Æ /api/admin/rankings/configs/[id]           268 B         103 kB
Γö£ ╞Æ /api/admin/reports                         268 B         103 kB
Γö£ ╞Æ /api/admin/requests/summary                268 B         103 kB
Γö£ ╞Æ /api/admin/stats                           268 B         103 kB
Γö£ ╞Æ /api/admin/transactions/[id]               268 B         103 kB
Γö£ ╞Æ /api/admin/users                           268 B         103 kB
Γö£ ╞Æ /api/admin/wallets                         268 B         103 kB
Γö£ ╞Æ /api/admin/wallets/adjust                  268 B         103 kB
Γö£ ╞Æ /api/auctions                              268 B         103 kB
Γö£ ╞Æ /api/auctions/[id]                         268 B         103 kB
Γö£ ╞Æ /api/auctions/[id]/bid                     268 B         103 kB
Γö£ ╞Æ /api/auctions/[id]/request                 268 B         103 kB
Γö£ ╞Æ /api/auth/login                            268 B         103 kB
Γö£ ╞Æ /api/auth/logout                           268 B         103 kB
Γö£ ╞Æ /api/auth/me                               268 B         103 kB
Γö£ ╞Æ /api/auth/register                         268 B         103 kB
Γö£ ╞Æ /api/auth/send-otp                         268 B         103 kB
Γö£ ╞Æ /api/auth/socket-token                     268 B         103 kB
Γö£ ╞Æ /api/auth/verify-otp                       268 B         103 kB
Γö£ ╞Æ /api/categories                            268 B         103 kB
Γö£ ╞Æ /api/conversations                         268 B         103 kB
Γö£ ╞Æ /api/coupons                               268 B         103 kB
Γö£ ╞Æ /api/cron/settle                           268 B         103 kB
Γö£ ╞Æ /api/leaderboard                           268 B         103 kB
Γö£ ╞Æ /api/me                                    268 B         103 kB
Γö£ ╞Æ /api/me/bids                               268 B         103 kB
Γö£ ╞Æ /api/me/kyc                                268 B         103 kB
Γö£ ╞Æ /api/messages                              268 B         103 kB
Γö£ ╞Æ /api/notifications                         268 B         103 kB
Γö£ ╞Æ /api/orders                                268 B         103 kB
Γö£ ╞Æ /api/payments/webhook                      268 B         103 kB
Γö£ ╞Æ /api/rankings                              268 B         103 kB
Γö£ ╞Æ /api/reports                               268 B         103 kB
Γö£ ╞Æ /api/requests                              268 B         103 kB
Γö£ ╞Æ /api/upload                                268 B         103 kB
Γö£ ╞Æ /api/users/[id]                            268 B         103 kB
Γö£ ╞Æ /api/wallet                                268 B         103 kB
Γö£ ╞Æ /api/wallet/deposit                        268 B         103 kB
Γö£ ╞Æ /api/wallet/withdraw                       268 B         103 kB
Γö£ ╞Æ /api/watchlist                             268 B         103 kB
Γö£ Γùï /auctions                                4.75 kB         230 kB
Γö£ ╞Æ /auctions/[id]                           10.9 kB         205 kB
Γö£ Γùï /categories                              2.77 kB         223 kB
Γö£ Γùï /contact                                   952 B         185 kB
Γö£ Γùï /dashboard                                8.9 kB         153 kB
Γö£ Γùï /dashboard/auctions                      8.76 kB         158 kB
Γö£ Γùï /dashboard/auctions/new                   5.8 kB         192 kB
Γö£ Γùï /dashboard/bids                          7.42 kB         157 kB
Γö£ Γùï /dashboard/messages                      16.2 kB         166 kB
Γö£ Γùï /dashboard/notifications                  9.8 kB         154 kB
Γö£ Γùï /dashboard/orders                         6.7 kB         119 kB
Γö£ Γùï /dashboard/profile                       3.17 kB         171 kB
Γö£ Γùï /dashboard/profile/kyc                    3.6 kB         168 kB
Γö£ Γùï /dashboard/rankings                      5.34 kB         146 kB
Γö£ Γùï /dashboard/requests                      6.83 kB         119 kB
Γö£ Γùï /dashboard/wallet                        10.7 kB         164 kB
Γö£ Γùï /dashboard/watchlist                      8.2 kB         193 kB
Γö£ Γùï /how-it-works                            1.61 kB         222 kB
Γö£ Γùï /login                                   1.21 kB         182 kB
Γö£ Γùï /manifest.webmanifest                      268 B         103 kB
Γö£ Γùï /privacy                                   952 B         185 kB
Γö£ Γùï /register                                1.18 kB         182 kB
Γö£ Γùï /robots.txt                                268 B         103 kB
Γö£ Γùï /sitemap.xml                               268 B         103 kB
Γö£ Γùï /terms                                     952 B         185 kB
Γöö ╞Æ /users/[id]                              4.21 kB         229 kB
+ First Load JS shared by all                 102 kB
  Γö£ chunks/1255-5c680abb9db89955.js          46.2 kB
  Γö£ chunks/4bd1b696-f785427dddbba9fb.js      54.2 kB
  Γöö other shared chunks (total)                 2 kB


╞Æ Middleware                                 34.4 kB

Γùï  (Static)   prerendered as static content
╞Æ  (Dynamic)  server-rendered on demand

